INFO:py4j.java_gateway:Callback Server Starting
INFO:py4j.java_gateway:Socket listening on ('127.0.0.1', 65247)
INFO:py4j.clientserver:Python Server ready to receive messages
INFO:py4j.clientserver:Received command c on object id p0
INFO:__main__:{"timestamp": "2026-10-01T19:06:14.937453", "batch_id": 0, "reviews": 2, "latency": 0.408, "throughput": 4.9, "avg_confidence": 0.534}
INFO:py4j.clientserver:Received command c on object id p0
INFO:__main__:{"timestamp": "2026-10-01T19:06:17.987333", "batch_id": 1, "reviews": 16, "latency": 1.681, "throughput": 9.52, "avg_confidence": 0.911}
INFO:py4j.clientserver:Received command c on object id p0
INFO:__main__:{"timestamp": "2026-10-01T19:06:20.284618", "batch_id": 2, "reviews": 10, "latency": 1.063, "throughput": 9.41, "avg_confidence": 0.915}
INFO:py4j.clientserver:Received command c on object id p0
INFO:__main__:{"timestamp": "2026-10-01T19:06:22.309747", "batch_id": 3, "reviews": 8, "latency": 0.842, "throughput": 9.5, "avg_confidence": 0.791}
INFO:py4j.clientserver:Received command c on object id p0
INFO:__main__:{"timestamp": "2026-10-01T19:06:23.636197", "batch_id": 4, "reviews": 6, "latency": 0.376, "throughput": 15.95, "avg_confidence": 0.939}
INFO:py4j.clientserver:Received command c on object id p0
INFO:__main__:{"timestamp": "2026-10-01T19:06:25.525773", "batch_id": 5, "reviews": 5, "latency": 0.531, "throughput": 9.41, "avg_confidence": 0.867}
INFO:py4j.clientserver:Received command c on object id p0
INFO:__main__:{"timestamp": "2026-10-01T19:06:27.363035", "batch_id": 6, "reviews": 8, "latency": 0.77, "throughput": 10.39, "avg_confidence": 0.764}
INFO:py4j.clientserver:Received command c on object id p0
INFO:__main__:{"timestamp": "2026-10-01T19:06:28.950104", "batch_id": 7, "reviews": 5, "latency": 0.54, "throughput": 9.27, "avg_confidence": 0.852}
INFO:py4j.clientserver:Received command c on object id p0
INFO:__main__:{"timestamp": "2026-10-01T19:06:30.796293", "batch_id": 8, "reviews": 6, "latency": 0.682, "throughput": 8.8, "avg_confidence": 0.904}
INFO:py4j.clientserver:Received command c on object id p0
INFO:__main__:{"timestamp": "2026-10-01T19:06:32.381810", "batch_id": 9, "reviews": 6, "latency": 0.61, "throughput": 9.84, "avg_confidence": 0.815}
INFO:py4j.clientserver:Received command c on object id p0
INFO:__main__:{"timestamp": "2026-10-01T19:06:33.721028", "batch_id": 10, "reviews": 4, "latency": 0.388, "throughput": 10.3, "avg_confidence": 0.741}
INFO:py4j.clientserver:Received command c on object id p0
INFO:__main__:{"timestamp": "2026-10-01T19:06:35.115058", "batch_id": 11, "reviews": 4, "latency": 0.511, "throughput": 7.83, "avg_confidence": 0.847}
INFO:py4j.clientserver:Received command c on object id p0
INFO:__main__:{"timestamp": "2026-10-01T19:06:36.994632", "batch_id": 12, "reviews": 6, "latency": 0.588, "throughput": 10.21, "avg_confidence": 0.914}
INFO:py4j.clientserver:Received command c on object id p0
INFO:__main__:{"timestamp": "2026-10-01T19:06:38.372431", "batch_id": 13, "reviews": 5, "latency": 0.499, "throughput": 10.02, "avg_confidence": 0.853}
INFO:py4j.clientserver:Received command c on object id p0
INFO:__main__:{"timestamp": "2026-10-01T19:06:39.805303", "batch_id": 14, "reviews": 4, "latency": 0.422, "throughput": 9.49, "avg_confidence": 0.787}
INFO:py4j.clientserver:Received command c on object id p0
INFO:__main__:{"timestamp": "2026-10-01T19:06:41.329359", "batch_id": 15, "reviews": 4, "latency": 0.487, "throughput": 8.21, "avg_confidence": 0.96}
INFO:py4j.clientserver:Received command c on object id p0
INFO:__main__:{"timestamp": "2026-10-01T19:06:43.001460", "batch_id": 16, "reviews": 5, "latency": 0.541, "throughput": 9.24, "avg_confidence": 0.902}
INFO:py4j.clientserver:Received command c on object id p0
INFO:__main__:{"timestamp": "2026-10-01T19:06:44.418052", "batch_id": 17, "reviews": 5, "latency": 0.504, "throughput": 9.91, "avg_confidence": 0.944}
INFO:py4j.clientserver:Received command c on object id p0
INFO:__main__:{"timestamp": "2026-10-01T19:06:46.114354", "batch_id": 18, "reviews": 5, "latency": 0.652, "throughput": 7.67, "avg_confidence": 0.688}
INFO:py4j.clientserver:Received command c on object id p0
INFO:__main__:{"timestamp": "2026-10-01T19:06:48.151242", "batch_id": 19, "reviews": 7, "latency": 0.72, "throughput": 9.73, "avg_confidence": 0.814}
INFO:py4j.clientserver:Received command c on object id p0
INFO:__main__:{"timestamp": "2026-10-01T19:06:49.827666", "batch_id": 20, "reviews": 5, "latency": 0.477, "throughput": 10.48, "avg_confidence": 0.891}
INFO:py4j.clientserver:Received command c on object id p0
INFO:__main__:{"timestamp": "2026-10-01T19:06:51.509330", "batch_id": 21, "reviews": 5, "latency": 0.639, "throughput": 7.83, "avg_confidence": 0.891}
INFO:py4j.clientserver:Received command c on object id p0
INFO:__main__:{"timestamp": "2026-10-01T19:06:53.483792", "batch_id": 22, "reviews": 7, "latency": 0.722, "throughput": 9.69, "avg_confidence": 0.825}
INFO:py4j.clientserver:Received command c on object id p0
INFO:__main__:{"timestamp": "2026-10-01T19:06:55.013364", "batch_id": 23, "reviews": 6, "latency": 0.604, "throughput": 9.93, "avg_confidence": 0.92}
INFO:py4j.clientserver:Received command c on object id p0
INFO:__main__:{"timestamp": "2026-10-01T19:06:56.742619", "batch_id": 24, "reviews": 6, "latency": 0.693, "throughput": 8.66, "avg_confidence": 0.774}
INFO:py4j.clientserver:Received command c on object id p0
INFO:__main__:{"timestamp": "2026-10-01T19:06:58.317695", "batch_id": 25, "reviews": 5, "latency": 0.521, "throughput": 9.59, "avg_confidence": 0.739}
INFO:py4j.clientserver:Received command c on object id p0
INFO:__main__:{"timestamp": "2026-10-01T19:06:59.978867", "batch_id": 26, "reviews": 5, "latency": 0.507, "throughput": 9.86, "avg_confidence": 0.971}
INFO:py4j.clientserver:Received command c on object id p0
INFO:__main__:{"timestamp": "2026-10-01T19:07:01.415253", "batch_id": 27, "reviews": 5, "latency": 0.565, "throughput": 8.85, "avg_confidence": 0.954}
INFO:py4j.clientserver:Received command c on object id p0
INFO:__main__:{"timestamp": "2026-10-01T19:07:03.319316", "batch_id": 28, "reviews": 5, "latency": 0.496, "throughput": 10.09, "avg_confidence": 0.875}
INFO:py4j.clientserver:Received command c on object id p0
INFO:__main__:{"timestamp": "2026-10-01T19:07:04.644375", "batch_id": 29, "reviews": 4, "latency": 0.398, "throughput": 10.05, "avg_confidence": 0.824}
INFO:py4j.clientserver:Received command c on object id p0
INFO:__main__:{"timestamp": "2026-10-01T19:07:05.976856", "batch_id": 30, "reviews": 3, "latency": 0.299, "throughput": 10.03, "avg_confidence": 0.827}
INFO:py4j.clientserver:Received command c on object id p0
INFO:__main__:{"timestamp": "2026-10-01T19:07:07.761137", "batch_id": 31, "reviews": 5, "latency": 0.54, "throughput": 9.25, "avg_confidence": 0.859}
INFO:py4j.clientserver:Received command c on object id p0
INFO:__main__:{"timestamp": "2026-10-01T19:07:09.445171", "batch_id": 32, "reviews": 5, "latency": 0.532, "throughput": 9.4, "avg_confidence": 0.935}
INFO:py4j.clientserver:Received command c on object id p0
INFO:__main__:{"timestamp": "2026-10-01T19:07:11.174574", "batch_id": 33, "reviews": 5, "latency": 0.52, "throughput": 9.62, "avg_confidence": 0.882}
INFO:py4j.clientserver:Received command c on object id p0
INFO:__main__:{"timestamp": "2026-10-01T19:07:13.017908", "batch_id": 34, "reviews": 6, "latency": 0.648, "throughput": 9.26, "avg_confidence": 0.894}
INFO:py4j.clientserver:Received command c on object id p0
INFO:__main__:{"timestamp": "2026-10-01T19:07:14.594119", "batch_id": 35, "reviews": 5, "latency": 0.565, "throughput": 8.85, "avg_confidence": 0.973}
INFO:py4j.clientserver:Received command c on object id p0
INFO:__main__:{"timestamp": "2026-10-01T19:07:16.315367", "batch_id": 36, "reviews": 5, "latency": 0.678, "throughput": 7.37, "avg_confidence": 0.896}
INFO:py4j.clientserver:Received command c on object id p0
INFO:__main__:{"timestamp": "2026-10-01T19:07:18.088356", "batch_id": 37, "reviews": 4, "latency": 0.522, "throughput": 7.67, "avg_confidence": 0.96}
INFO:py4j.clientserver:Received command c on object id p0
INFO:__main__:{"timestamp": "2026-10-01T19:07:19.762972", "batch_id": 38, "reviews": 6, "latency": 0.633, "throughput": 9.47, "avg_confidence": 0.839}
INFO:py4j.clientserver:Received command c on object id p0
INFO:__main__:{"timestamp": "2026-10-01T19:07:21.366891", "batch_id": 39, "reviews": 5, "latency": 0.557, "throughput": 8.98, "avg_confidence": 0.844}
INFO:py4j.clientserver:Received command c on object id p0
INFO:__main__:{"timestamp": "2026-10-01T19:07:23.237916", "batch_id": 40, "reviews": 4, "latency": 0.595, "throughput": 6.72, "avg_confidence": 0.85}
INFO:py4j.clientserver:Received command c on object id p0
INFO:__main__:{"timestamp": "2026-10-01T19:07:25.497980", "batch_id": 41, "reviews": 8, "latency": 0.982, "throughput": 8.15, "avg_confidence": 0.791}
INFO:py4j.clientserver:Received command c on object id p0
INFO:__main__:{"timestamp": "2026-10-01T19:07:27.777446", "batch_id": 42, "reviews": 8, "latency": 0.89, "throughput": 8.99, "avg_confidence": 0.903}
INFO:py4j.clientserver:Received command c on object id p0
INFO:__main__:{"timestamp": "2026-10-01T19:07:29.962354", "batch_id": 43, "reviews": 9, "latency": 1.004, "throughput": 8.96, "avg_confidence": 0.911}
INFO:py4j.clientserver:Received command c on object id p0
INFO:__main__:{"timestamp": "2026-10-01T19:07:31.562877", "batch_id": 44, "reviews": 5, "latency": 0.541, "throughput": 9.25, "avg_confidence": 0.843}
INFO:py4j.clientserver:Received command c on object id p0
INFO:__main__:{"timestamp": "2026-10-01T19:07:33.197458", "batch_id": 45, "reviews": 5, "latency": 0.547, "throughput": 9.14, "avg_confidence": 0.873}
INFO:py4j.clientserver:Received command c on object id p0
INFO:__main__:{"timestamp": "2026-10-01T19:07:34.992111", "batch_id": 46, "reviews": 6, "latency": 0.565, "throughput": 10.62, "avg_confidence": 0.724}
INFO:py4j.clientserver:Received command c on object id p0
INFO:__main__:{"timestamp": "2026-10-01T19:07:36.646257", "batch_id": 47, "reviews": 7, "latency": 0.748, "throughput": 9.36, "avg_confidence": 0.863}
INFO:py4j.clientserver:Received command c on object id p0
INFO:__main__:{"timestamp": "2026-10-01T19:07:38.207936", "batch_id": 48, "reviews": 6, "latency": 0.71, "throughput": 8.45, "avg_confidence": 0.82}
INFO:py4j.clientserver:Received command c on object id p0
INFO:__main__:{"timestamp": "2026-10-01T19:07:40.287812", "batch_id": 49, "reviews": 6, "latency": 0.69, "throughput": 8.7, "avg_confidence": 0.918}
INFO:py4j.clientserver:Received command c on object id p0
INFO:__main__:{"timestamp": "2026-10-01T19:07:42.301425", "batch_id": 50, "reviews": 8, "latency": 0.768, "throughput": 10.42, "avg_confidence": 0.831}
INFO:py4j.clientserver:Received command c on object id p0
INFO:__main__:{"timestamp": "2026-10-01T19:07:44.196292", "batch_id": 51, "reviews": 8, "latency": 1.016, "throughput": 7.87, "avg_confidence": 0.869}
INFO:py4j.clientserver:Received command c on object id p0
INFO:__main__:{"timestamp": "2026-10-01T19:07:46.091660", "batch_id": 52, "reviews": 6, "latency": 0.582, "throughput": 10.3, "avg_confidence": 0.814}
INFO:py4j.clientserver:Received command c on object id p0
INFO:__main__:{"timestamp": "2026-10-01T19:07:47.970557", "batch_id": 53, "reviews": 7, "latency": 0.664, "throughput": 10.55, "avg_confidence": 0.805}
INFO:py4j.clientserver:Received command c on object id p0
INFO:__main__:{"timestamp": "2026-10-01T19:07:49.836966", "batch_id": 54, "reviews": 7, "latency": 0.816, "throughput": 8.58, "avg_confidence": 0.882}
INFO:py4j.clientserver:Received command c on object id p0
INFO:__main__:{"timestamp": "2026-10-01T19:07:51.409239", "batch_id": 55, "reviews": 6, "latency": 0.635, "throughput": 9.45, "avg_confidence": 0.849}
INFO:py4j.clientserver:Received command c on object id p0
INFO:__main__:{"timestamp": "2026-10-01T19:07:53.084316", "batch_id": 56, "reviews": 6, "latency": 0.669, "throughput": 8.97, "avg_confidence": 0.917}
INFO:py4j.clientserver:Received command c on object id p0
INFO:__main__:{"timestamp": "2026-10-01T19:07:54.806505", "batch_id": 57, "reviews": 6, "latency": 0.672, "throughput": 8.92, "avg_confidence": 0.696}
INFO:py4j.clientserver:Received command c on object id p0
INFO:__main__:{"timestamp": "2026-10-01T19:07:56.260811", "batch_id": 58, "reviews": 5, "latency": 0.513, "throughput": 9.75, "avg_confidence": 0.966}
INFO:py4j.clientserver:Received command c on object id p0
INFO:__main__:{"timestamp": "2026-10-01T19:07:57.813774", "batch_id": 59, "reviews": 6, "latency": 0.624, "throughput": 9.61, "avg_confidence": 0.839}
INFO:py4j.clientserver:Received command c on object id p0
INFO:__main__:{"timestamp": "2026-10-01T19:07:59.572966", "batch_id": 60, "reviews": 5, "latency": 0.578, "throughput": 8.66, "avg_confidence": 0.889}
INFO:py4j.clientserver:Received command c on object id p0
INFO:__main__:{"timestamp": "2026-10-01T19:08:01.393132", "batch_id": 61, "reviews": 8, "latency": 0.807, "throughput": 9.91, "avg_confidence": 0.922}
INFO:py4j.clientserver:Received command c on object id p0
INFO:__main__:{"timestamp": "2026-10-01T19:08:03.214185", "batch_id": 62, "reviews": 7, "latency": 0.755, "throughput": 9.27, "avg_confidence": 0.925}
INFO:py4j.clientserver:Received command c on object id p0
INFO:__main__:{"timestamp": "2026-10-01T19:08:04.812994", "batch_id": 63, "reviews": 6, "latency": 0.642, "throughput": 9.34, "avg_confidence": 0.715}
INFO:py4j.clientserver:Received command c on object id p0
INFO:__main__:{"timestamp": "2026-10-01T19:08:06.475235", "batch_id": 64, "reviews": 5, "latency": 0.485, "throughput": 10.31, "avg_confidence": 0.965}
INFO:py4j.clientserver:Received command c on object id p0
INFO:__main__:{"timestamp": "2026-10-01T19:08:08.232945", "batch_id": 65, "reviews": 6, "latency": 0.595, "throughput": 10.09, "avg_confidence": 0.962}
INFO:py4j.clientserver:Received command c on object id p0
INFO:__main__:{"timestamp": "2026-10-01T19:08:09.984909", "batch_id": 66, "reviews": 6, "latency": 0.619, "throughput": 9.69, "avg_confidence": 0.703}
INFO:py4j.clientserver:Received command c on object id p0
INFO:__main__:{"timestamp": "2026-10-01T19:08:11.569977", "batch_id": 67, "reviews": 5, "latency": 0.531, "throughput": 9.41, "avg_confidence": 0.866}
INFO:py4j.clientserver:Received command c on object id p0
INFO:__main__:{"timestamp": "2026-10-01T19:08:13.107511", "batch_id": 68, "reviews": 4, "latency": 0.51, "throughput": 7.84, "avg_confidence": 0.784}
INFO:py4j.clientserver:Received command c on object id p0
INFO:__main__:{"timestamp": "2026-10-01T19:08:14.827335", "batch_id": 69, "reviews": 6, "latency": 0.644, "throughput": 9.32, "avg_confidence": 0.884}
INFO:py4j.clientserver:Received command c on object id p0
INFO:__main__:{"timestamp": "2026-10-01T19:08:16.626915", "batch_id": 70, "reviews": 7, "latency": 0.689, "throughput": 10.16, "avg_confidence": 0.827}
INFO:py4j.clientserver:Received command c on object id p0
INFO:__main__:{"timestamp": "2026-10-01T19:08:18.388618", "batch_id": 71, "reviews": 6, "latency": 0.661, "throughput": 9.08, "avg_confidence": 0.736}
INFO:py4j.clientserver:Received command c on object id p0
INFO:__main__:{"timestamp": "2026-10-01T19:08:20.224638", "batch_id": 72, "reviews": 6, "latency": 0.628, "throughput": 9.55, "avg_confidence": 0.862}
INFO:py4j.clientserver:Received command c on object id p0
INFO:__main__:{"timestamp": "2026-10-01T19:08:21.806037", "batch_id": 73, "reviews": 6, "latency": 0.629, "throughput": 9.55, "avg_confidence": 0.948}
INFO:py4j.clientserver:Received command c on object id p0
INFO:__main__:{"timestamp": "2026-10-01T19:08:23.389206", "batch_id": 74, "reviews": 5, "latency": 0.607, "throughput": 8.23, "avg_confidence": 0.917}
INFO:py4j.clientserver:Received command c on object id p0
INFO:__main__:{"timestamp": "2026-10-01T19:08:24.815253", "batch_id": 75, "reviews": 5, "latency": 0.487, "throughput": 10.26, "avg_confidence": 0.868}
INFO:py4j.clientserver:Received command c on object id p0
INFO:__main__:{"timestamp": "2026-10-01T19:08:26.632804", "batch_id": 76, "reviews": 5, "latency": 0.478, "throughput": 10.45, "avg_confidence": 0.847}
INFO:py4j.clientserver:Received command c on object id p0
INFO:__main__:{"timestamp": "2026-10-01T19:08:28.248960", "batch_id": 77, "reviews": 6, "latency": 0.585, "throughput": 10.26, "avg_confidence": 0.881}
INFO:py4j.clientserver:Received command c on object id p0
INFO:__main__:{"timestamp": "2026-10-01T19:08:29.800762", "batch_id": 78, "reviews": 5, "latency": 0.559, "throughput": 8.94, "avg_confidence": 0.847}
INFO:py4j.clientserver:Received command c on object id p0
INFO:__main__:{"timestamp": "2026-10-01T19:08:31.707914", "batch_id": 79, "reviews": 5, "latency": 0.535, "throughput": 9.35, "avg_confidence": 0.886}
INFO:py4j.clientserver:Received command c on object id p0
INFO:__main__:{"timestamp": "2026-10-01T19:08:33.208028", "batch_id": 80, "reviews": 5, "latency": 0.554, "throughput": 9.02, "avg_confidence": 0.899}
INFO:py4j.clientserver:Received command c on object id p0
INFO:__main__:{"timestamp": "2026-10-01T19:08:34.647358", "batch_id": 81, "reviews": 5, "latency": 0.404, "throughput": 12.38, "avg_confidence": 0.959}
INFO:py4j.clientserver:Received command c on object id p0
INFO:__main__:{"timestamp": "2026-10-01T19:08:36.363416", "batch_id": 82, "reviews": 6, "latency": 0.798, "throughput": 7.52, "avg_confidence": 0.812}
INFO:py4j.clientserver:Received command c on object id p0
INFO:__main__:{"timestamp": "2026-10-01T19:08:38.427518", "batch_id": 83, "reviews": 7, "latency": 0.693, "throughput": 10.1, "avg_confidence": 0.837}
INFO:py4j.clientserver:Received command c on object id p0
INFO:__main__:{"timestamp": "2026-10-01T19:08:40.137215", "batch_id": 84, "reviews": 6, "latency": 0.667, "throughput": 8.99, "avg_confidence": 0.787}
INFO:py4j.clientserver:Received command c on object id p0
INFO:__main__:{"timestamp": "2026-10-01T19:08:42.071343", "batch_id": 85, "reviews": 6, "latency": 0.6, "throughput": 9.99, "avg_confidence": 0.814}
INFO:py4j.clientserver:Received command c on object id p0
INFO:__main__:{"timestamp": "2026-10-01T19:08:43.554521", "batch_id": 86, "reviews": 5, "latency": 0.612, "throughput": 8.17, "avg_confidence": 0.863}
INFO:py4j.clientserver:Received command c on object id p0
INFO:__main__:{"timestamp": "2026-10-01T19:08:44.982995", "batch_id": 87, "reviews": 4, "latency": 0.466, "throughput": 8.59, "avg_confidence": 0.735}
INFO:py4j.clientserver:Received command c on object id p0
INFO:__main__:{"timestamp": "2026-10-01T19:08:46.891838", "batch_id": 88, "reviews": 7, "latency": 0.672, "throughput": 10.42, "avg_confidence": 0.857}
INFO:py4j.clientserver:Received command c on object id p0
INFO:__main__:{"timestamp": "2026-10-01T19:08:48.317527", "batch_id": 89, "reviews": 5, "latency": 0.491, "throughput": 10.19, "avg_confidence": 0.873}
INFO:py4j.clientserver:Received command c on object id p0
INFO:__main__:{"timestamp": "2026-10-01T19:08:49.833340", "batch_id": 90, "reviews": 4, "latency": 0.422, "throughput": 9.49, "avg_confidence": 0.854}
INFO:py4j.clientserver:Received command c on object id p0
INFO:__main__:{"timestamp": "2026-10-01T19:08:51.423131", "batch_id": 91, "reviews": 5, "latency": 0.608, "throughput": 8.22, "avg_confidence": 0.903}
INFO:py4j.clientserver:Received command c on object id p0
INFO:__main__:{"timestamp": "2026-10-01T19:08:53.178316", "batch_id": 92, "reviews": 6, "latency": 0.621, "throughput": 9.66, "avg_confidence": 0.779}
INFO:py4j.clientserver:Received command c on object id p0
INFO:__main__:{"timestamp": "2026-10-01T19:08:54.588794", "batch_id": 93, "reviews": 5, "latency": 0.487, "throughput": 10.27, "avg_confidence": 0.907}
INFO:py4j.clientserver:Received command c on object id p0
INFO:__main__:{"timestamp": "2026-10-01T19:08:56.262258", "batch_id": 94, "reviews": 4, "latency": 0.474, "throughput": 8.43, "avg_confidence": 0.86}
INFO:py4j.clientserver:Received command c on object id p0
INFO:__main__:{"timestamp": "2026-10-01T19:08:57.989007", "batch_id": 95, "reviews": 6, "latency": 0.777, "throughput": 7.72, "avg_confidence": 0.763}
INFO:py4j.clientserver:Received command c on object id p0
INFO:__main__:{"timestamp": "2026-10-01T19:08:59.591438", "batch_id": 96, "reviews": 6, "latency": 0.71, "throughput": 8.45, "avg_confidence": 0.814}
INFO:py4j.clientserver:Received command c on object id p0
INFO:__main__:{"timestamp": "2026-10-01T19:09:01.264969", "batch_id": 97, "reviews": 4, "latency": 0.407, "throughput": 9.83, "avg_confidence": 0.809}
INFO:py4j.clientserver:Received command c on object id p0
INFO:__main__:{"timestamp": "2026-10-01T19:09:02.864546", "batch_id": 98, "reviews": 5, "latency": 0.542, "throughput": 9.23, "avg_confidence": 0.979}
INFO:py4j.clientserver:Received command c on object id p0
INFO:__main__:{"timestamp": "2026-10-01T19:09:04.319391", "batch_id": 99, "reviews": 5, "latency": 0.507, "throughput": 9.85, "avg_confidence": 0.965}
INFO:py4j.clientserver:Received command c on object id p0
INFO:__main__:{"timestamp": "2026-10-01T19:09:05.660391", "batch_id": 100, "reviews": 4, "latency": 0.391, "throughput": 10.24, "avg_confidence": 0.81}
INFO:py4j.clientserver:Received command c on object id p0
INFO:__main__:{"timestamp": "2026-10-01T19:09:07.375932", "batch_id": 101, "reviews": 5, "latency": 0.543, "throughput": 9.21, "avg_confidence": 0.952}
INFO:py4j.clientserver:Received command c on object id p0
INFO:__main__:{"timestamp": "2026-10-01T19:09:09.096548", "batch_id": 102, "reviews": 6, "latency": 0.626, "throughput": 9.59, "avg_confidence": 0.961}
INFO:py4j.clientserver:Received command c on object id p0
INFO:__main__:{"timestamp": "2026-10-01T19:09:10.614283", "batch_id": 103, "reviews": 5, "latency": 0.484, "throughput": 10.32, "avg_confidence": 0.81}
INFO:py4j.clientserver:Received command c on object id p0
INFO:__main__:{"timestamp": "2026-10-01T19:09:11.938388", "batch_id": 104, "reviews": 4, "latency": 0.481, "throughput": 8.32, "avg_confidence": 0.759}
INFO:py4j.clientserver:Received command c on object id p0
INFO:__main__:{"timestamp": "2026-10-01T19:09:13.345849", "batch_id": 105, "reviews": 4, "latency": 0.338, "throughput": 11.85, "avg_confidence": 0.912}
INFO:py4j.clientserver:Received command c on object id p0
INFO:__main__:{"timestamp": "2026-10-01T19:09:14.888295", "batch_id": 106, "reviews": 5, "latency": 0.481, "throughput": 10.39, "avg_confidence": 0.688}
INFO:py4j.clientserver:Received command c on object id p0
INFO:__main__:{"timestamp": "2026-10-01T19:09:16.195734", "batch_id": 107, "reviews": 5, "latency": 0.469, "throughput": 10.67, "avg_confidence": 0.846}
INFO:py4j.clientserver:Received command c on object id p0
INFO:__main__:{"timestamp": "2026-10-01T19:09:17.562258", "batch_id": 108, "reviews": 4, "latency": 0.442, "throughput": 9.06, "avg_confidence": 0.676}
INFO:py4j.clientserver:Received command c on object id p0
INFO:__main__:{"timestamp": "2026-10-01T19:09:19.202540", "batch_id": 109, "reviews": 4, "latency": 0.584, "throughput": 6.85, "avg_confidence": 0.753}
INFO:py4j.clientserver:Received command c on object id p0
INFO:__main__:{"timestamp": "2026-10-01T19:09:20.957065", "batch_id": 110, "reviews": 6, "latency": 0.558, "throughput": 10.76, "avg_confidence": 0.918}
INFO:py4j.clientserver:Received command c on object id p0
INFO:__main__:{"timestamp": "2026-10-01T19:09:22.285607", "batch_id": 111, "reviews": 4, "latency": 0.491, "throughput": 8.14, "avg_confidence": 0.792}
INFO:py4j.clientserver:Received command c on object id p0
INFO:__main__:{"timestamp": "2026-10-01T19:09:25.008807", "batch_id": 112, "reviews": 6, "latency": 0.882, "throughput": 6.81, "avg_confidence": 0.841}
INFO:py4j.clientserver:Received command c on object id p0
INFO:__main__:{"timestamp": "2026-10-01T19:09:28.035735", "batch_id": 113, "reviews": 9, "latency": 1.607, "throughput": 5.6, "avg_confidence": 0.897}
INFO:py4j.clientserver:Received command c on object id p0
INFO:__main__:{"timestamp": "2026-10-01T19:09:31.499056", "batch_id": 114, "reviews": 10, "latency": 2.097, "throughput": 4.77, "avg_confidence": 0.908}
INFO:py4j.clientserver:Received command c on object id p0
INFO:__main__:{"timestamp": "2026-10-01T19:09:34.267998", "batch_id": 115, "reviews": 11, "latency": 1.418, "throughput": 7.76, "avg_confidence": 0.936}
INFO:py4j.clientserver:Received command c on object id p0
INFO:__main__:{"timestamp": "2026-10-01T19:09:36.381093", "batch_id": 116, "reviews": 8, "latency": 0.95, "throughput": 8.42, "avg_confidence": 0.781}
INFO:py4j.clientserver:Received command c on object id p0
INFO:__main__:{"timestamp": "2026-10-01T19:09:38.441684", "batch_id": 117, "reviews": 7, "latency": 0.905, "throughput": 7.73, "avg_confidence": 0.755}
INFO:py4j.clientserver:Received command c on object id p0
INFO:__main__:{"timestamp": "2026-10-01T19:09:41.018832", "batch_id": 118, "reviews": 9, "latency": 1.054, "throughput": 8.53, "avg_confidence": 0.942}
INFO:py4j.clientserver:Received command c on object id p0
INFO:__main__:{"timestamp": "2026-10-01T19:09:43.226862", "batch_id": 119, "reviews": 7, "latency": 0.888, "throughput": 7.88, "avg_confidence": 0.848}
INFO:py4j.clientserver:Received command c on object id p0
INFO:__main__:{"timestamp": "2026-10-01T19:09:44.970735", "batch_id": 120, "reviews": 6, "latency": 0.504, "throughput": 11.89, "avg_confidence": 0.898}
INFO:py4j.clientserver:Received command c on object id p0
INFO:__main__:{"timestamp": "2026-10-01T19:09:46.862601", "batch_id": 121, "reviews": 6, "latency": 0.654, "throughput": 9.17, "avg_confidence": 0.952}
INFO:py4j.clientserver:Received command c on object id p0
INFO:__main__:{"timestamp": "2026-10-01T19:09:48.651296", "batch_id": 122, "reviews": 6, "latency": 0.731, "throughput": 8.21, "avg_confidence": 0.854}
INFO:py4j.clientserver:Received command c on object id p0
INFO:__main__:{"timestamp": "2026-10-01T19:09:51.219915", "batch_id": 123, "reviews": 9, "latency": 1.08, "throughput": 8.33, "avg_confidence": 0.956}
INFO:py4j.clientserver:Received command c on object id p0
INFO:__main__:{"timestamp": "2026-10-01T19:09:53.376790", "batch_id": 124, "reviews": 8, "latency": 0.918, "throughput": 8.71, "avg_confidence": 0.881}
INFO:py4j.clientserver:Received command c on object id p0
INFO:__main__:{"timestamp": "2026-10-01T19:09:55.386970", "batch_id": 125, "reviews": 7, "latency": 0.759, "throughput": 9.22, "avg_confidence": 0.816}
INFO:py4j.clientserver:Received command c on object id p0
INFO:__main__:{"timestamp": "2026-10-01T19:09:57.212827", "batch_id": 126, "reviews": 6, "latency": 0.684, "throughput": 8.77, "avg_confidence": 0.867}
INFO:py4j.clientserver:Received command c on object id p0
INFO:__main__:{"timestamp": "2026-10-01T19:09:59.138745", "batch_id": 127, "reviews": 7, "latency": 0.848, "throughput": 8.26, "avg_confidence": 0.776}
INFO:py4j.clientserver:Received command c on object id p0
INFO:__main__:{"timestamp": "2026-10-01T19:10:02.033085", "batch_id": 128, "reviews": 8, "latency": 1.533, "throughput": 5.22, "avg_confidence": 0.95}
INFO:py4j.clientserver:Received command c on object id p0
INFO:__main__:{"timestamp": "2026-10-01T19:10:04.754430", "batch_id": 129, "reviews": 11, "latency": 1.371, "throughput": 8.02, "avg_confidence": 0.81}
INFO:py4j.clientserver:Received command c on object id p0
INFO:__main__:{"timestamp": "2026-10-01T19:10:06.832039", "batch_id": 130, "reviews": 9, "latency": 1.103, "throughput": 8.16, "avg_confidence": 0.866}
INFO:py4j.clientserver:Received command c on object id p0
INFO:__main__:{"timestamp": "2026-10-01T19:10:08.923933", "batch_id": 131, "reviews": 8, "latency": 1.08, "throughput": 7.4, "avg_confidence": 0.855}
INFO:py4j.clientserver:Received command c on object id p0
INFO:__main__:{"timestamp": "2026-10-01T19:10:11.326628", "batch_id": 132, "reviews": 9, "latency": 0.884, "throughput": 10.18, "avg_confidence": 0.867}
INFO:py4j.clientserver:Received command c on object id p0
INFO:__main__:{"timestamp": "2026-10-01T19:10:13.126963", "batch_id": 133, "reviews": 6, "latency": 0.766, "throughput": 7.83, "avg_confidence": 0.878}
INFO:py4j.clientserver:Received command c on object id p0
INFO:__main__:{"timestamp": "2026-10-01T19:10:15.486675", "batch_id": 134, "reviews": 10, "latency": 1.307, "throughput": 7.65, "avg_confidence": 0.829}
INFO:py4j.clientserver:Received command c on object id p0
INFO:__main__:{"timestamp": "2026-10-01T19:10:17.362107", "batch_id": 135, "reviews": 7, "latency": 0.857, "throughput": 8.17, "avg_confidence": 0.893}
INFO:py4j.clientserver:Received command c on object id p0
INFO:__main__:{"timestamp": "2026-10-01T19:10:19.260436", "batch_id": 136, "reviews": 5, "latency": 0.752, "throughput": 6.65, "avg_confidence": 0.856}
INFO:py4j.clientserver:Received command c on object id p0
INFO:__main__:{"timestamp": "2026-10-01T19:10:22.166191", "batch_id": 137, "reviews": 8, "latency": 1.218, "throughput": 6.57, "avg_confidence": 0.867}
INFO:py4j.clientserver:Received command c on object id p0
INFO:__main__:{"timestamp": "2026-10-01T19:10:24.769611", "batch_id": 138, "reviews": 10, "latency": 1.178, "throughput": 8.49, "avg_confidence": 0.915}
INFO:py4j.clientserver:Received command c on object id p0
INFO:__main__:{"timestamp": "2026-10-01T19:10:26.704091", "batch_id": 139, "reviews": 5, "latency": 0.708, "throughput": 7.07, "avg_confidence": 0.942}
INFO:py4j.clientserver:Received command c on object id p0
INFO:__main__:{"timestamp": "2026-10-01T19:10:29.704435", "batch_id": 140, "reviews": 7, "latency": 1.471, "throughput": 4.76, "avg_confidence": 0.908}
INFO:py4j.clientserver:Received command c on object id p0
INFO:__main__:{"timestamp": "2026-10-01T19:10:31.667127", "batch_id": 141, "reviews": 2, "latency": 0.339, "throughput": 5.9, "avg_confidence": 0.827}
